
R version 4.4.1 (2024-06-14) -- "Race for Your Life"
Copyright (C) 2024 The R Foundation for Statistical Computing
Platform: x86_64-pc-linux-gnu

R is free software and comes with ABSOLUTELY NO WARRANTY.
You are welcome to redistribute it under certain conditions.
Type 'license()' or 'licence()' for distribution details.

R is a collaborative project with many contributors.
Type 'contributors()' for more information and
'citation()' on how to cite R or R packages in publications.

Type 'demo()' for some demos, 'help()' for on-line help, or
'help.start()' for an HTML browser interface to help.
Type 'q()' to quit R.

- Project '~/research/heat-wave-tracker' loaded. [renv 1.1.4]
Warning message:
renv took longer than expected (47 seconds) to activate the sandbox.

The sandbox can be disabled by setting:

    RENV_CONFIG_SANDBOX_ENABLED = FALSE

within an appropriate start-up .Renviron file.

See `?renv::config` for more details. 
> # Title ####
> # For detecting and plotting heatwaves. 
> 
> rm(list=ls())
> 
> # Dependencies ####
> library(tidyverse)
── Attaching core tidyverse packages ──────────────────────── tidyverse 2.0.0 ──
✔ dplyr     1.1.4     ✔ readr     2.1.5
✔ forcats   1.0.0     ✔ stringr   1.5.1
✔ ggplot2   3.5.1     ✔ tibble    3.2.1
✔ lubridate 1.9.4     ✔ tidyr     1.3.1
✔ purrr     1.0.4     
── Conflicts ────────────────────────────────────────── tidyverse_conflicts() ──
✖ dplyr::filter() masks stats::filter()
✖ dplyr::lag()    masks stats::lag()
ℹ Use the conflicted package (<http://conflicted.r-lib.org/>) to force all conflicts to become errors
> library(lubridate)
> library(data.table)

Attaching package: ‘data.table’

The following objects are masked from ‘package:lubridate’:

    hour, isoweek, mday, minute, month, quarter, second, wday, week,
    yday, year

The following objects are masked from ‘package:dplyr’:

    between, first, last

The following object is masked from ‘package:purrr’:

    transpose

> library(tidyverse)
> library(weathermetrics)
> library(sf)
Linking to GEOS 3.12.2, GDAL 3.9.1, PROJ 9.4.1; sf_use_s2() is TRUE
> library(gridExtra)

Attaching package: ‘gridExtra’

The following object is masked from ‘package:dplyr’:

    combine

> library(RcppRoll)
> 
> 
> # Selected cities ####
> these_munis = c("Barcelona", "Madrid", "València", "Zaragoza", "Sevilla")
> 
> # Spatial data on stations ####
> SPAIN_CRS = 25830
> 
> station_points = st_read("data/cartography/1da1315b/Estaciones_Completas.shp") %>% bind_rows(st_read("data/cartography/b29c8d56/Estaciones_Termometricas.shp")) %>% bind_rows(st_read("data/cartography/2aa58725/Estaciones_Automaticas.shp")) %>% bind_rows(st_read("data/cartography/8892d9c9/Estaciones_Pluviometricas.shp")) %>% st_transform(SPAIN_CRS)
Reading layer `Estaciones_Completas' from data source 
  `/home/palmer/research/heat-wave-tracker/data/cartography/1da1315b/Estaciones_Completas.shp' 
  using driver `ESRI Shapefile'
Simple feature collection with 111 features and 9 fields
Geometry type: POINT
Dimension:     XY
Bounding box:  xmin: -17.8889 ymin: 27.81892 xmax: 4.215601 ymax: 43.56696
Geodetic CRS:  ETRS89
Reading layer `Estaciones_Termometricas' from data source 
  `/home/palmer/research/heat-wave-tracker/data/cartography/b29c8d56/Estaciones_Termometricas.shp' 
  using driver `ESRI Shapefile'
Simple feature collection with 975 features and 9 fields
Geometry type: POINT
Dimension:     XY
Bounding box:  xmin: -15.54334 ymin: 27.91111 xmax: 4.316994 ymax: 43.67333
Geodetic CRS:  ETRS89
Reading layer `Estaciones_Automaticas' from data source 
  `/home/palmer/research/heat-wave-tracker/data/cartography/2aa58725/Estaciones_Automaticas.shp' 
  using driver `ESRI Shapefile'
Simple feature collection with 852 features and 9 fields
Geometry type: POINT
Dimension:     XY
Bounding box:  xmin: -18.115 ymin: 27.66666 xmax: 4.086429 ymax: 43.78615
Geodetic CRS:  ETRS89
Reading l> 
> 
> # quick check of this year's heat waves
> heat_waves_85p_2d %>% filter(date >= as_date("2025-01-01"))%>% pull(municipality_name) %>% unique()
[1] "Zaragoza"  "Sevilla"   "Barcelona" "Madrid"    "València" 
> 
> heat_waves_90p_2d %>% filter(date >= as_date("2025-01-01")) %>% pull(municipality_name) %>% unique()
[1] "Zaragoza"  "Barcelona" "Madrid"    "Sevilla"   "València" 
> 
> heat_waves_95p_2d %>% filter(date >= as_date("2025-01-01")) %>% pull(municipality_name) %>% unique()
[1] "Zaragoza"  "Barcelona" "València"  "Sevilla"   "Madrid"   
> 
> heat_waves_99p_2d %>% filter(date >= as_date("2025-01-01")) %>% pull(municipality_name) %>% unique()
[1] "Barcelona" "Sevilla"   "València"  "Madrid"   
> 
> heat_waves_100p_2d %>% filter(date >= as_date("2025-01-01")) %>% pull(municipality_name) %>% unique()
[1] "Barcelona" "Sevilla"   "València"  "Madrid"   
> 
> 
> heat_waves_85p_5d %>% filter(date >= as_date("2025-01-01"))%>% pull(municipality_name) %>% unique()
[1] "Zaragoza"  "Sevilla"   "Barcelona" "Madrid"    "València" 
> 
> heat_waves_90p_5d %>% filter(date >= as_date("2025-01-01"))%>% pull(municipality_name) %>% unique()
[1] "Zaragoza"  "Barcelona" "València"  "Sevilla"  
> 
> heat_waves_95p_5d %>% filter(date >= as_date("2025-01-01"))%>% pull(municipality_name) %>% unique()
[1] "Zaragoza"  "Barcelona" "València" 
> 
> heat_waves_99p_5d %>% filter(date >= as_date("2025-01-01"))%>% pull(municipality_name) %>% unique()
[1] "Barcelona" "València" 
> 
> 
> 
> heat_waves_85p_max_2d %>% filter(date >= as_date("2025-01-01"))%>% pull(municipality_name) %>% unique()
[1] "Madrid"    "Sevilla"   "Zaragoza"  "Barcelona" "València" 
> 
> heat_waves_90p_max_2d %>% filter(date >= as_date("2025-01-01")) %>% pull(municipality_name) %>% unique()
[1] "Sevilla"   "Zaragoza"  "Barcelona" "Madrid"    "València" 
> 
> heat_waves_95p_max_2d %>% filter(date >= as_date("2025-01-01")) %>% pull(municipality_name) %>% unique()
[1] "Zaragoza"  "Sevilla"   "Madrid"    "Barcelona" "València" 
> 
> heat_waves_99p_max_2d %>% filter(date >= as_date("2025-01-01")) %>% pull(municipality_name) %>% unique()
[1] "Sevilla"   "Zaragoza"  "Madrid"    "València"  "Barcelona"
> 
> heat_waves_100p_max_2d %>% filter(date >= as_date("2025-01-01")) %>% pull(municipality_name) %>% unique()
[1] "Sevilla"  "Madrid"   "València"
> 
> 
> # writing summary of dates ####
> summary_readings_past_week = weather_daily %>% filter(date>=today()-7) %>% group_by(date, municipality_name) %>% summarize(n = n(), .groups = "drop") %>% pivot_wider(id_cols = date, names_from = municipality_name, values_from = n) %>% arrange(date) 
> 
> 
> summary_readings_past_week %>% fwrite("data/summary_readings_past_week.csv.gz")
> 
> this_muni = "Sevilla"
> 
> # loop through munis ####
> 
> for(this_muni in these_munis){
+   
+   this_weather_daily = weather_daily %>% filter(municipality_name == this_muni)
+   
+   this_heat_waves_85p_2d = heat_waves_85p_2d %>% filter(indicativo %in% unique(this_weather_daily$indicativo))
+   
+   this_heat_waves_90p_2d = heat_waves_90p_2d %>% filter(indicativo %in% unique(this_weather_daily$indicativo))
+   
+   this_heat_waves_95p_2d = heat_waves_95p_2d %>% filter(indicativo %in% unique(this_weather_daily$indicativo))
+   
+   this_heat_waves_99p_2d = heat_waves_99p_2d %>% filter(indicativo %in% unique(this_weather_daily$indicativo))
+   
+   this_heat_waves_100p_2d = heat_waves_100p_2d %>% filter(indicativo %in% unique(this_weather_daily$indicativo))
+   
+   
+   
+   
+   this_heat_waves_85p_3d = heat_waves_85p_3d %>% filter(indicativo %in% unique(this_weather_daily$indicativo))
+   
+   this_heat_waves_90p_3d = heat_waves_90p_3d %>% filter(indicativo %in% unique(this_weather_daily$indicativo))
+   
+   this_heat_waves_95p_3d = heat_waves_95p_3d %>% filter(indicativo %in% unique(this_weather_daily$indicativo))
+   
+   this_heat_waves_99p_3d = heat_waves_99p_3d %>% filter(indicativo %in% unique(this_weather_daily$indicativo))
+   
+   this_heat_waves_100p_3d = heat_waves_100p_3d %>% filter(indicativo %in% unique(this_weather_daily$indicativo))
+   
+   
+   
+   this_heat_waves_85p_4d = heat_waves_85p_4d %>% filter(indicativo %in% unique(this_weather_daily$indicativo))
+   
+   this_heat_waves_90p_4d = heat_waves_90p_4d %>% filter(indicativo %in% unique(this_weather_daily$indicativo))
+   
+   this_heat_waves_95p_4d = heat_waves_95p_4d %>% filter(indicativo %in% unique(this_weather_daily$indicativo))
+   
+   this_heat_waves_99p_4d = heat_waves_99p_4d %>% filter(indicativo %in% unique(this_weather_daily$indicativo))
+   
+   this_heat_waves_100p_4d = heat_waves_100p_4d %>% filter(indicativo %in% unique(this_weather_daily$indicativo))
+   
+   
+   
+   this_heat_waves_85p_5d = heat_waves_85p_5d %>% filter(indicativo %in% unique(this_weather_daily$indicativo))
+   
+   this_heat_waves_90p_5d = heat_waves_90p_5d %>% filter(indicativo %in% unique(this_weather_daily$indicativo))
+   
+   this_heat_waves_95p_5d = heat_waves_95p_5d %>% filter(indicativo %in% unique(this_weather_daily$indicativo))
+   
+   this_heat_waves_99p_5d = heat_waves_99p_5d %>% filter(indicativo %in% unique(this_weather_daily$indicativo))
+   
+   
+   this_heat_waves_85p_max_2d = heat_waves_85p_max_2d %>% filter(indicativo %in% unique(this_weather_daily$indicativo))
+   
+   this_heat_waves_90p_max_2d = heat_waves_90p_max_2d %>% filter(indicativo %in% unique(this_weather_daily$indicativo))
+   
+   this_heat_waves_95p_max_2d = heat_waves_95p_max_2d %>% filter(indicativo %in% unique(this_weather_daily$indicativo))
+   
+   this_heat_waves_99p_max_2d = heat_waves_99p_max_2d %>% filter(indicativo %in% unique(this_weather_daily$indicativo))
+   
+   this_heat_waves_100p_max_2d = heat_waves_100p_max_2d %>% filter(indicativo %in% unique(this_weather_daily$indicativo))
+   
+   
+   this_Hi_min_85p_table = Hi_min_85p_table %>% filter(indicativo %in% unique(this_weather_daily$indicativo))
+   
+   this_Hi_min_90p_table = Hi_min_90p_table %>% filter(indicativo %in% unique(this_weather_daily$indicativo))
+   
+   this_Hi_min_95p_table = Hi_min_95p_table %>% filter(indicativo %in% unique(this_weather_daily$indicativo))
+   
+   this_Hi_min_99p_table = Hi_min_99p_table %>% filter(indicativo %in% unique(this_weather_daily$indicativo))
+   
+   this_Hi_min_100p_table = Hi_min_100p_table %>% filter(indicativo %in% unique(this_weather_daily$indicativo))
+   
+   
+   
+   this_Hi_max_85p_table = Hi_max_85p_table %>% filter(indicativo %in% unique(this_weather_daily$indicativo))
+   
+   this_Hi_max_90p_table = Hi_max_90p_table %>% filter(indicativo %in% unique(this_weather_daily$indicativo))
+   
+   this_Hi_max_95p_table = Hi_max_95p_table %>% filter(indicativo %in% unique(this_weather_daily$indicativo))
+   
+   this_Hi_max_99p_table = Hi_max_99p_table %>% filter(indicativo %in% unique(this_weather_daily$indicativo))
+   
+   this_Hi_max_100p_table = Hi_max_100p_table %>% filter(indicativo %in% unique(this_weather_daily$indicativo))
+   
+   ## 2-day spells ####
+   
+   this_p = ggplot(this_weather_daily, aes(x=date, y=Hi_min)) + 
+     geom_line() + 
+     geom_point(data=this_heat_waves_85p_2d, aes(x=date, y=Hi_min), color="#ff0000aa") + 
+     geom_hline(data = this_Hi_min_85p_table, aes(yintercept = Hi_min_85p), color = "red") +
+     geom_point(data=this_heat_waves_90p_2d, aes(x=date, y=Hi_min), color="#9900aaaa") + 
+     geom_hline(data = this_Hi_min_90p_table, aes(yintercept = Hi_min_90p), color = "purple") +
+     geom_point(data=this_heat_waves_95p_2d, aes(x=date, y=Hi_min), color="yellow") + 
+     geom_hline(data = this_Hi_min_95p_table, aes(yintercept = Hi_min_95p), color = "yellow") +
+     geom_point(data=this_heat_waves_99p_2d, aes(x=date, y=Hi_min), color="green") + 
+     geom_hline(data = this_Hi_min_99p_table, aes(yintercept = Hi_min_99p), color = "green") +
+     facet_wrap(.~station_name)
+   
+   ggsave(this_p, file = paste0("plots/full_timeseries_", this_muni, ".png"), height = 6, width = 8)
+   write_rds(this_p, file = paste0("plots/full_timeseries_", this_muni, ".Rds"))
+   
+   this_p = ggplot(this_weather_daily %>% filter(date >= today()-120, date < today()), aes(x=date, y=Hi_min))+ geom_line() + geom_line(aes(x=date, y=Hi_max), color="pink") +
+     geom_point(data=this_heat_waves_85p_2d %>% filter(year(date) == year(today())), aes(x=date, y=Hi_min), color="#ff0000aa") + 
+     geom_hline(data = this_Hi_min_85p_table, aes(yintercept = Hi_min_85p), color = "red") + 
+     geom_point(data=this_heat_waves_90p_2d %>% filter(year(date) == year(today())), aes(x=date, y=Hi_min), color="#9900aaaa") + 
+     geom_hline(data = this_Hi_min_90p_table, aes(yintercept = Hi_min_90p), color = "purple") +
+     geom_point(data=this_heat_waves_95p_2d %>% filter(year(date) == year(today())), aes(x=date, y=Hi_min), color="yellow") + 
+     geom_hline(data = this_Hi_min_95p_table, aes(yintercept = Hi_min_95p), color = "yellow") +
+     geom_point(data=this_heat_waves_99p_2d %>% filter(year(date) == year(today())), aes(x=date, y=Hi_min), color="green") + 
+     geom_hline(data = this_Hi_min_99p_table, aes(yintercept = Hi_min_99p), color = "green") +
+     facet_wrap(.~station_name)
+   
+   ggsave(this_p, file = paste0("plots/recent_timeseries_", this_muni, ".png"), height = 6, width = 8)
+   write_rds(this_p, file = paste0("plots/recent_timeseries_", this_muni, ".Rds"))
+   
+   ## 3-say spells ####
+   
+  this_p = ggplot(this_weather_daily, aes(x=date, y=Hi_min)) + 
+     geom_line() + 
+     geom_point(data=this_heat_waves_85p_3d, aes(x=date, y=Hi_min), color="#ff0000aa") + 
+     geom_hline(data = this_Hi_min_85p_table, aes(yintercept = Hi_min_85p), color = "red") +
+     geom_point(data=this_heat_waves_90p_3d, aes(x=date, y=Hi_min), color="#9900aaaa") + 
+     geom_hline(data = this_Hi_min_90p_table, aes(yintercept = Hi_min_90p), color = "purple") +
+     geom_point(data=this_heat_waves_95p_3d, aes(x=date, y=Hi_min), color="yellow") + 
+     geom_hline(data = this_Hi_min_95p_table, aes(yintercept = Hi_min_95p), color = "yellow") +
+     geom_point(data=this_heat_waves_99p_3d, aes(x=date, y=Hi_min), color="green") + 
+     geom_hline(data = this_Hi_min_99p_table, aes(yintercept = Hi_min_99p), color = "green") +
+     facet_wrap(.~station_name)
+   
+   ggsave(this_p, file = paste0("plots/full_timeseries_3d_", this_muni, ".png"), height = 6, width = 8)
+   write_rds(this_p, file = paste0("plots/full_timeseries_3d_", this_muni, ".Rds"))
+   
+   this_p = ggplot(this_weather_daily %>% filter(date >= today()-120, date < today()), aes(x=date, y=Hi_min))+ geom_line() + geom_line(aes(x=date, y=Hi_max), color="pink") +
+     geom_point(data=this_heat_waves_85p_3d %>% filter(year(date) == year(today())), aes(x=date, y=Hi_min), color="#ff0000aa") + 
+     geom_hline(data = this_Hi_min_85p_table, aes(yintercept = Hi_min_85p), color = "red") + 
+     geom_point(data=this_heat_waves_90p_3d %>% filter(year(date) == year(today())), aes(x=date, y=Hi_min), color="#9900aaaa") + 
+     geom_hline(data = this_Hi_min_90p_table, aes(yintercept = Hi_min_90p), color = "purple") +
+     geom_point(data=this_heat_waves_95p_3d %>% filter(year(date) == year(today())), aes(x=date, y=Hi_min), color="yellow") + 
+     geom_hline(data = this_Hi_min_95p_table, aes(yintercept = Hi_min_95p), color = "yellow") +
+     geom_point(data=this_heat_waves_99p_3d %>% filter(year(date) == year(today())), aes(x=date, y=Hi_min), color="green") + 
+     geom_hline(data = this_Hi_min_99p_table, aes(yintercept = Hi_min_99p), color = "green") +
+     facet_wrap(.~station_name)
+   
+   ggsave(this_p, file = paste0("plots/recent_timeseries_3d_", this_muni, ".png"), height = 6, width = 8)
+   write_rds(this_p, file = paste0("plots/recent_timeseries_3d_", this_muni, ".Rds"))
+   
+   
+   ## 4-say spells ####
+   
+   this_p = ggplot(this_weather_daily, aes(x=date, y=Hi_min)) + 
+     geom_line() + 
+     geom_point(data=this_heat_waves_85p_4d, aes(x=date, y=Hi_min), color="#ff0000aa") + 
+     geom_hline(data = this_Hi_min_85p_table, aes(yintercept = Hi_min_85p), color = "red") +
+     geom_point(data=this_heat_waves_90p_4d, aes(x=date, y=Hi_min), color="#9900aaaa") + 
+     geom_hline(data = this_Hi_min_90p_table, aes(yintercept = Hi_min_90p), color = "purple") +
+     geom_point(data=this_heat_waves_95p_4d, aes(x=date, y=Hi_min), color="yellow") + 
+     geom_hline(data = this_Hi_min_95p_table, aes(yintercept = Hi_min_95p), color = "yellow") +
+     geom_point(data=this_heat_waves_99p_4d, aes(x=date, y=Hi_min), color="green") + 
+     geom_hline(data = this_Hi_min_99p_table, aes(yintercept = Hi_min_99p), color = "green") +
+     facet_wrap(.~station_name)
+   
+   ggsave(this_p, file = paste0("plots/full_timeseries_4d_", this_muni, ".png"), height = 6, width = 8)
+   write_rds(this_p, file = paste0("plots/full_timeseries_4d_", this_muni, ".Rds"))
+   
+   this_p = ggplot(this_weather_daily %>% filter(date >= today()-120, date < today()), aes(x=date, y=Hi_min))+ geom_line() + geom_line(aes(x=date, y=Hi_max), color="pink") +
+     geom_point(data=this_heat_waves_85p_4d %>% filter(year(date) == year(today())), aes(x=date, y=Hi_min), color="#ff0000aa") + 
+     geom_hline(data = this_Hi_min_85p_table, aes(yintercept = Hi_min_85p), color = "red") + 
+     geom_point(data=this_heat_waves_90p_4d %>% filter(year(date) == year(today())), aes(x=date, y=Hi_min), color="#9900aaaa") + 
+     geom_hline(data = this_Hi_min_90p_table, aes(yintercept = Hi_min_90p), color = "purple") +
+     geom_point(data=this_heat_waves_95p_4d %>% filter(year(date) == year(today())), aes(x=date, y=Hi_min), color="yellow") + 
+     geom_hline(data = this_Hi_min_95p_table, aes(yintercept = Hi_min_95p), color = "yellow") +
+     geom_point(data=this_heat_waves_99p_4d %>% filter(year(date) == year(today())), aes(x=date, y=Hi_min), color="green") + 
+     geom_hline(data = this_Hi_min_99p_table, aes(yintercept = Hi_min_99p), color = "green") +
+     facet_wrap(.~station_name)
+   
+   ggsave(this_p, file = paste0("plots/recent_timeseries_4d_", this_muni, ".png"), height = 6, width = 8)
+   write_rds(this_p, file = paste0("plots/recent_timeseries_4d_", this_muni, ".Rds"))
+   
+   ## 5-day spells ####
+   
+   
+   this_p = ggplot(this_weather_daily, aes(x=date, y=Hi_min)) + 
+     geom_line() + 
+     geom_point(data=this_heat_waves_85p_5d, aes(x=date, y=Hi_min), color="#ff0000aa") + 
+     geom_hline(data = this_Hi_min_85p_table, aes(yintercept = Hi_min_85p), color = "red") +
+     geom_point(data=this_heat_waves_90p_5d, aes(x=date, y=Hi_min), color="#9900aaaa") + 
+     geom_hline(data = this_Hi_min_90p_table, aes(yintercept = Hi_min_90p), color = "purple") +
+     geom_point(data=this_heat_waves_95p_5d, aes(x=date, y=Hi_min), color="yellow") + 
+     geom_hline(data = this_Hi_min_95p_table, aes(yintercept = Hi_min_95p), color = "yellow") +
+     geom_point(data=this_heat_waves_99p_5d, aes(x=date, y=Hi_min), color="green") + 
+     geom_hline(data = this_Hi_min_99p_table, aes(yintercept = Hi_min_99p), color = "green") +
+     facet_wrap(.~station_name)
+   
+   ggsave(this_p, file = paste0("plots/full_timeseries_5d_", this_muni, ".png"), height = 6, width = 8)
+   write_rds(this_p, file = paste0("plots/full_timeseries_5d_", this_muni, ".Rds"))  
+   
+   this_p = ggplot(this_weather_daily %>% filter(date >= today()-120, date < today()), aes(x=date, y=Hi_min))+ geom_line() + geom_line(aes(x=date, y=Hi_max), color="pink") +
+     geom_point(data=this_heat_waves_85p_5d %>% filter(year(date) == year(today())), aes(x=date, y=Hi_min), color="#ff0000aa") + 
+     geom_hline(data = this_Hi_min_85p_table, aes(yintercept = Hi_min_85p), color = "red") + 
+     geom_point(data=this_heat_waves_90p_5d %>% filter(year(date) == year(today())), aes(x=date, y=Hi_min), color="#9900aaaa") + 
+     geom_hline(data = this_Hi_min_90p_table, aes(yintercept = Hi_min_90p), color = "purple") +
+     geom_point(data=this_heat_waves_95p_5d %>% filter(year(date) == year(today())), aes(x=date, y=Hi_min), color="yellow") + 
+     geom_hline(data = this_Hi_min_95p_table, aes(yintercept = Hi_min_95p), color = "yellow") +
+     geom_point(data=this_heat_waves_99p_5d %>% filter(year(date) == year(today())), aes(x=date, y=Hi_min), color="green") + 
+     geom_hline(data = this_Hi_min_99p_table, aes(yintercept = Hi_min_99p), color = "green") +
+     facet_wrap(.~station_name)
+   
+   ggsave(this_p, file = paste0("plots/recent_timeseries_5d_", this_muni, ".png"), height = 6, width = 8)
+   write_rds(this_p, file = paste0("plots/recent_timeseries_5d_", this_muni, ".Rds"))
+   
+   
+   # now maximums
+   
+   this_p = ggplot(this_weather_daily, aes(x=date, y=Hi_max)) + 
+     geom_line() + 
+     geom_point(data=this_heat_waves_85p_max_2d, aes(x=date, y=Hi_max), color="#ff0000aa") + 
+     geom_hline(data = this_Hi_max_85p_table, aes(yintercept = Hi_max_85p), color = "red") +
+     geom_point(data=this_heat_waves_90p_max_2d, aes(x=date, y=Hi_max), color="#9900aaaa") + 
+     geom_hline(data = this_Hi_max_90p_table, aes(yintercept = Hi_max_90p), color = "purple") +
+     geom_point(data=this_heat_waves_95p_max_2d, aes(x=date, y=Hi_max), color="yellow") + 
+     geom_hline(data = this_Hi_max_95p_table, aes(yintercept = Hi_max_95p), color = "yellow") +
+     geom_point(data=this_heat_waves_99p_max_2d, aes(x=date, y=Hi_max), color="green") + 
+     geom_hline(data = this_Hi_max_99p_table, aes(yintercept = Hi_max_99p), color = "green") +
+     facet_wrap(.~station_name)
+   
+   ggsave(this_p, file = paste0("plots/full_timeseries_maximums_", this_muni, ".png"), height = 6, width = 8)
+   write_rds(this_p, file = paste0("plots/full_timeseries_maximums_", this_muni, ".Rds"))
+   
+   this_p = ggplot(this_weather_daily %>% filter(date >= today()-120, date < today()), aes(x=date, y=Hi_min))+ geom_line() + geom_line(aes(x=date, y=Hi_max), color="pink") +
+     geom_point(data=this_heat_waves_85p_max_2d %>% filter(year(date) == year(today())), aes(x=date, y=Hi_max), color="#ff0000aa") + 
+     geom_hline(data = this_Hi_max_85p_table, aes(yintercept = Hi_max_85p), color = "red") + 
+     geom_point(data=this_heat_waves_90p_max_2d %>% filter(year(date) == year(today())), aes(x=date, y=Hi_max), color="#9900aaaa") + 
+     geom_hline(data = this_Hi_max_90p_table, aes(yintercept = Hi_max_90p), color = "purple") + 
+     geom_point(data=this_heat_waves_95p_max_2d %>% filter(year(date) == year(today())), aes(x=date, y=Hi_max), color="yellow") + 
+     geom_hline(data = this_Hi_max_95p_table, aes(yintercept = Hi_max_95p), color = "yellow") +
+     geom_point(data=this_heat_waves_99p_max_2d %>% filter(year(date) == year(today())), aes(x=date, y=Hi_max), color="green") + 
+     geom_hline(data = this_Hi_max_99p_table, aes(yintercept = Hi_max_99p), color = "green") +
+     facet_wrap(.~station_name)
+   
+   ggsave(this_p, file = paste0("plots/recent_timeseries_maximums_", this_muni, ".png"), height = 6, width = 8)
+   write_rds(this_p, file = paste0("plots/recent_timeseries_maximums_", this_muni, ".Rds"))
+   
+ }
> 
> proc.time()
   user  system elapsed 
 74.875  20.275  96.190 
