
R version 4.4.1 (2024-06-14) -- "Race for Your Life"
Copyright (C) 2024 The R Foundation for Statistical Computing
Platform: x86_64-pc-linux-gnu

R is free software and comes with ABSOLUTELY NO WARRANTY.
You are welcome to redistribute it under certain conditions.
Type 'license()' or 'licence()' for distribution details.

R is a collaborative project with many contributors.
Type 'contributors()' for more information and
'citation()' on how to cite R or R packages in publications.

Type 'demo()' for some demos, 'help()' for on-line help, or
'help.start()' for an HTML browser interface to help.
Type 'q()' to quit R.

- Project '~/research/heat-wave-tracker' loaded. [renv 1.1.4]
> quarto::quarto_render('index.qmd')
[31m

processing file: index.qmd
[39m1/119                   
2/119 [load]            
3/119                   
4/119 [unnamed-chunk-2] 
5/119                   
6/119 [unnamed-chunk-3] 
7/119                   
8/119 [unnamed-chunk-4] 
9/119                   
10/119 [unnamed-chunk-5] 
11/119                   
12/119 [unnamed-chunk-6] 
13/119                   
14/119 [unnamed-chunk-7] 
15/119                   
16/119 [unnamed-chunk-8] 
17/119                   
18/119 [unnamed-chunk-9] 
19/119                   
20/119 [unnamed-chunk-10]
21/119                   
22/119 [unnamed-chunk-11]
23/119                   
24/119 [unnamed-chunk-12]
25/119                   
26/119 [unnamed-chunk-13]
27/119                   
28/119 [unnamed-chunk-14]
29/119                   
30/119 [unnamed-chunk-15]
31/119                   
32/119 [unnamed-chunk-16]
33/119                   
34/119 [unnamed-chunk-17]
35/119                   
36/119 [unnamed-chunk-18]
37/119                   
38/119 [unnamed-chunk-19]
39/119                   
40/119 [unnamed-chunk-20]
41/119                   
42/119 [unnamed-chunk-21]
43/119                   
44/119 [unnamed-chunk-22]
45/119                   
46/119 [unnamed-chunk-23]
47/119                   
48/119 [unnamed-chunk-24]
49/119                   
50/119 [unnamed-chunk-25]
51/119                   
52/119 [unnamed-chunk-26]
53/119                   
54/119 [unnamed-chunk-27]
55/119                   
56/119 [unnamed-chunk-28]
57/119                   
58/119 [unnamed-chunk-29]
59/119                   
60/119 [unnamed-chunk-30]
61/119                   
62/119 [unnamed-chunk-31]
63/119                   
64/119 [unnamed-chunk-32]
65/119                   
66/119 [unnamed-chunk-33]
67/119                   
68/119 [unnamed-chunk-34]
69/119                   
70/119 [unnamed-chunk-35]
71/119                   
72/119 [unnamed-chunk-36]
73/119                   
74/119 [unnamed-chunk-37]
[31mError in `order()`:
! argument 1 is not a vector
Backtrace:
     ▆
  1. ├─read_rds("plots/recent_timeseries_València.Rds") %>% ...
  2. ├─plotly::ggplotly(.) at magrittr/R/pipe.R:136:3
  3. └─plotly:::ggplotly.ggplot(.) at plotly/R/ggplotly.R:71:3
  4.   └─plotly::gg2list(...) at plotly/R/ggplotly.R:149:3
  5.     └─plotly:::layers2traces(data, prestats_data, layout, plot) at plotly/R/ggplotly.R:564:3
  6.       ├─plotly::to_basic(...) at plotly/R/layers2traces.R:96:5
  7.       └─plotly:::to_basic.GeomLine(...) at plotly/R/layers2traces.R:183:3
  8.         ├─data[order(data[["x"]]), ] at plotly/R/layers2traces.R:259:3
  9.         ├─base::`[.data.frame`(data, order(data[["x"]]), ) at plotly/R/layers2traces.R:259:3
 10.         └─base::order(data[["x"]])
[39m[31m


Quitting from lines 474-477 [unnamed-chunk-37] (index.qmd)
[39m[31mExecution halted
[39mError in `quarto::quarto_render()`:
✖ Error running quarto cli.
Caused by error:
! System command 'quarto' failed
Backtrace:
    ▆
 1. └─quarto::quarto_render("index.qmd")
 2.   └─quarto:::quarto_run(args, echo = TRUE, quarto_bin = quarto_bin) at quarto/R/render.R:191:3
 3.     └─base::tryCatch(...) at quarto/R/quarto.R:51:3
 4.       └─base (local) tryCatchList(expr, classes, parentenv, handlers)
 5.         └─base (local) tryCatchOne(expr, names, parentenv, handlers[[1L]])
 6.           └─value[[3L]](cond)
 7.             └─cli::cli_abort(msg, call = .call, parent = e) at quarto/R/quarto.R:58:7
 8.               └─rlang::abort(...) at cli/R/rlang.R:45:3
Execution halted
